// Jest Snapshot v1, https://goo.gl/fbAQLP

exports[`Creates a component renders correctly 1`] = `
<div>
  <h3>
    Select a Category 
  </h3>
  <select
    className="cat"
    onChange={[Function]}
    placeholder="Select your category"
  />
</div>
`;
